exports[`GameBoard renders and matches our snapshot 1`] = `
<table
  className="table table-bordered">
  <tbody>
    <tr>
      <td
        className="cell">
        <span
          style={
            Object {
              "color": null,
              "fontSize": "20px",
            }
          }>
           
        </span>
      </td>
      <td
        className="cell">
        <span
          style={
            Object {
              "color": null,
              "fontSize": "20px",
            }
          }>
           
        </span>
      </td>
      <td
        className="cell">
        <span
          style={
            Object {
              "color": null,
              "fontSize": "20px",
            }
          }>
           
        </span>
      </td>
      <td
        className="cell">
        <span
          style={
            Object {
              "color": null,
              "fontSize": "20px",
            }
          }>
           
        </span>
      </td>
      <td
        className="cell">
        <span
          style={
            Object {
              "color": null,
              "fontSize": "20px",
            }
          }>
           
        </span>
      </td>
      <td
        className="cell">
        <span
          style={
            Object {
              "color": null,
              "fontSize": "20px",
            }
          }>
           
        </span>
      </td>
      <td
        className="cell">
        <span
          style={
            Object {
              "color": null,
              "fontSize": "20px",
            }
          }>
           
        </span>
      </td>
      <td
        className="cell">
        <span
          style={
            Object {
              "color": null,
              "fontSize": "20px",
            }
          }>
           
        </span>
      </td>
    </tr>
    <tr>
      <td
        className="cell">
        <span
          style={
            Object {
              "color": null,
              "fontSize": "20px",
            }
          }>
           
        </span>
      </td>
      <td
        className="cell">
        <span
          style={
            Object {
              "color": null,
              "fontSize": "20px",
            }
          }>
           
        </span>
      </td>
      <td
        className="cell">
        <span
          style={
            Object {
              "color": null,
              "fontSize": "20px",
            }
          }>
           
        </span>
      </td>
      <td
        className="cell">
        <span
          style={
            Object {
              "color": null,
              "fontSize": "20px",
            }
          }>
           
        </span>
      </td>
      <td
        className="cell">
        <span
          style={
            Object {
              "color": null,
              "fontSize": "20px",
            }
          }>
           
        </span>
      </td>
      <td
        className="cell">
        <span
          style={
            Object {
              "color": null,
              "fontSize": "20px",
            }
          }>
           
        </span>
      </td>
      <td
        className="cell">
        <span
          style={
            Object {
              "color": null,
              "fontSize": "20px",
            }
          }>
           
        </span>
      </td>
      <td
        className="cell">
        <span
          style={
            Object {
              "color": null,
              "fontSize": "20px",
            }
          }>
           
        </span>
      </td>
    </tr>
    <tr>
      <td
        className="cell">
        <span
          style={
            Object {
              "color": null,
              "fontSize": "20px",
            }
          }>
           
        </span>
      </td>
      <td
        className="cell">
        <span
          style={
            Object {
              "color": null,
              "fontSize": "20px",
            }
          }>
           
        </span>
      </td>
      <td
        className="cell">
        <span
          style={
            Object {
              "color": null,
              "fontSize": "20px",
            }
          }>
           
        </span>
      </td>
      <td
        className="cell">
        <span
          style={
            Object {
              "color": null,
              "fontSize": "20px",
            }
          }>
           
        </span>
      </td>
      <td
        className="cell">
        <span
          style={
            Object {
              "color": null,
              "fontSize": "20px",
            }
          }>
           
        </span>
      </td>
      <td
        className="cell">
        <span
          style={
            Object {
              "color": null,
              "fontSize": "20px",
            }
          }>
           
        </span>
      </td>
      <td
        className="cell">
        <span
          style={
            Object {
              "color": null,
              "fontSize": "20px",
            }
          }>
           
        </span>
      </td>
      <td
        className="cell">
        <span
          style={
            Object {
              "color": null,
              "fontSize": "20px",
            }
          }>
           
        </span>
      </td>
    </tr>
    <tr>
      <td
        className="cell">
        <span
          style={
            Object {
              "color": null,
              "fontSize": "20px",
            }
          }>
           
        </span>
      </td>
      <td
        className="cell">
        <span
          style={
            Object {
              "color": null,
              "fontSize": "20px",
            }
          }>
           
        </span>
      </td>
      <td
        className="cell">
        <span
          style={
            Object {
              "color": null,
              "fontSize": "20px",
            }
          }>
           
        </span>
      </td>
      <td
        className="cell">
        <span
          style={
            Object {
              "color": null,
              "fontSize": "20px",
            }
          }>
           
        </span>
      </td>
      <td
        className="cell">
        <span
          style={
            Object {
              "color": null,
              "fontSize": "20px",
            }
          }>
           
        </span>
      </td>
      <td
        className="cell">
        <span
          style={
            Object {
              "color": null,
              "fontSize": "20px",
            }
          }>
           
        </span>
      </td>
      <td
        className="cell">
        <span
          style={
            Object {
              "color": null,
              "fontSize": "20px",
            }
          }>
           
        </span>
      </td>
      <td
        className="cell">
        <span
          style={
            Object {
              "color": null,
              "fontSize": "20px",
            }
          }>
           
        </span>
      </td>
    </tr>
    <tr>
      <td
        className="cell">
        <span
          style={
            Object {
              "color": null,
              "fontSize": "20px",
            }
          }>
           
        </span>
      </td>
      <td
        className="cell">
        <span
          style={
            Object {
              "color": null,
              "fontSize": "20px",
            }
          }>
           
        </span>
      </td>
      <td
        className="cell">
        <span
          style={
            Object {
              "color": null,
              "fontSize": "20px",
            }
          }>
           
        </span>
      </td>
      <td
        className="cell">
        <span
          style={
            Object {
              "color": null,
              "fontSize": "20px",
            }
          }>
           
        </span>
      </td>
      <td
        className="cell">
        <span
          style={
            Object {
              "color": null,
              "fontSize": "20px",
            }
          }>
           
        </span>
      </td>
      <td
        className="cell">
        <span
          style={
            Object {
              "color": null,
              "fontSize": "20px",
            }
          }>
           
        </span>
      </td>
      <td
        className="cell">
        <span
          style={
            Object {
              "color": null,
              "fontSize": "20px",
            }
          }>
           
        </span>
      </td>
      <td
        className="cell">
        <span
          style={
            Object {
              "color": null,
              "fontSize": "20px",
            }
          }>
           
        </span>
      </td>
    </tr>
    <tr>
      <td
        className="cell">
        <span
          style={
            Object {
              "color": null,
              "fontSize": "20px",
            }
          }>
           
        </span>
      </td>
      <td
        className="cell">
        <span
          style={
            Object {
              "color": null,
              "fontSize": "20px",
            }
          }>
           
        </span>
      </td>
      <td
        className="cell">
        <span
          style={
            Object {
              "color": null,
              "fontSize": "20px",
            }
          }>
           
        </span>
      </td>
      <td
        className="cell">
        <span
          style={
            Object {
              "color": null,
              "fontSize": "20px",
            }
          }>
           
        </span>
      </td>
      <td
        className="cell">
        <span
          style={
            Object {
              "color": null,
              "fontSize": "20px",
            }
          }>
           
        </span>
      </td>
      <td
        className="cell">
        <span
          style={
            Object {
              "color": null,
              "fontSize": "20px",
            }
          }>
           
        </span>
      </td>
      <td
        className="cell">
        <span
          style={
            Object {
              "color": null,
              "fontSize": "20px",
            }
          }>
           
        </span>
      </td>
      <td
        className="cell">
        <span
          style={
            Object {
              "color": null,
              "fontSize": "20px",
            }
          }>
           
        </span>
      </td>
    </tr>
    <tr>
      <td
        className="cell">
        <span
          style={
            Object {
              "color": null,
              "fontSize": "20px",
            }
          }>
           
        </span>
      </td>
      <td
        className="cell">
        <span
          style={
            Object {
              "color": null,
              "fontSize": "20px",
            }
          }>
           
        </span>
      </td>
      <td
        className="cell">
        <span
          style={
            Object {
              "color": null,
              "fontSize": "20px",
            }
          }>
           
        </span>
      </td>
      <td
        className="cell">
        <span
          style={
            Object {
              "color": null,
              "fontSize": "20px",
            }
          }>
           
        </span>
      </td>
      <td
        className="cell">
        <span
          style={
            Object {
              "color": null,
              "fontSize": "20px",
            }
          }>
           
        </span>
      </td>
      <td
        className="cell">
        <span
          style={
            Object {
              "color": null,
              "fontSize": "20px",
            }
          }>
           
        </span>
      </td>
      <td
        className="cell">
        <span
          style={
            Object {
              "color": null,
              "fontSize": "20px",
            }
          }>
           
        </span>
      </td>
      <td
        className="cell">
        <span
          style={
            Object {
              "color": null,
              "fontSize": "20px",
            }
          }>
           
        </span>
      </td>
    </tr>
    <tr>
      <td
        className="cell">
        <span
          style={
            Object {
              "color": null,
              "fontSize": "20px",
            }
          }>
           
        </span>
      </td>
      <td
        className="cell">
        <span
          style={
            Object {
              "color": null,
              "fontSize": "20px",
            }
          }>
           
        </span>
      </td>
      <td
        className="cell">
        <span
          style={
            Object {
              "color": null,
              "fontSize": "20px",
            }
          }>
           
        </span>
      </td>
      <td
        className="cell">
        <span
          style={
            Object {
              "color": null,
              "fontSize": "20px",
            }
          }>
           
        </span>
      </td>
      <td
        className="cell">
        <span
          style={
            Object {
              "color": null,
              "fontSize": "20px",
            }
          }>
           
        </span>
      </td>
      <td
        className="cell">
        <span
          style={
            Object {
              "color": null,
              "fontSize": "20px",
            }
          }>
           
        </span>
      </td>
      <td
        className="cell">
        <span
          style={
            Object {
              "color": null,
              "fontSize": "20px",
            }
          }>
           
        </span>
      </td>
      <td
        className="cell">
        <span
          style={
            Object {
              "color": null,
              "fontSize": "20px",
            }
          }>
           
        </span>
      </td>
    </tr>
  </tbody>
</table>
`;
